312.46 -998.39
354.9 -997.26
976.5 -963.99
985.84 -899.26
999.33 -712.44
999.65 626.19
976.38 907.92
940.8 967.77
916.12 995.99
569.88 998.53
-5.09 996.36
-663.89 987.43
-797.01 984.06
-873.33 963.88
-982.78 846.18
-996.74 211.11
-987.73 -922.31
-983.08 -958.75
-309.41 -991.24
