4.04 0.09
8.14 0.26
9.82 6.95
8.86 7.49
4.29 9.4
0.91 9.6
0.5 4.65
0.2 0.22
