17.36 -48.23
19.85 -46.26
38.99 23.77
14.9 39.04
-35.62 40.42
-45.36 28.18
-32.43 -17.99
