-23.9054 -49.5952
-8.443 -45.7224
28.3149 -21.223
40.7128 -9.3159
30.9494 6.129
-23.4128 -5.9835
