-62.6 -184.2
33.0 -175.3
187.1 -144.1
148.9 51.6
118.6 75.4
-80.2 83.6
-120.9 77.2
-184.6 14.5
-191.5 -134.8
-165.6 -163.4
