233.0 -747.0
759.0 -615.0
753.0 134.0
703.0 394.0
226.0 635.0
61.0 684.0
-289.0 707.0
-794.0 217.0
-782.0 -83.0
-725.0 -505.0
-337.0 -704.0
