318.6 -998.36
407.03 -973.9
707.76 -857.49
858.46 -265.27
949.06 872.21
-648.62 970.05
-972.51 530.76
-980.37 319.48
-986.03 -253.7
-947.07 -525.94
-792.72 -840.65
-477.92 -945.32
