-895.68 -987.58
-324.34 -980.24
2.61 -971.09
444.57 -957.3
627.32 -931.72
854.57 -856.72
908.38 -627.66
919.52 947.49
697.69 995.62
482.44 996.76
167.63 954.03
-948.22 741.01
-972.38 359.64
-987.32 -443.84
